=== Q2: WHY K=10? sweep K, validation, no hub removal ===
   K                  random                   n_T          total degree          n_T*log(deg)
               recall / lift         recall / lift         recall / lift         recall / lift
   1          0.057    1.00x        0.089    1.56x        0.094    1.65x        0.091    1.60x
   2          0.120    1.00x        0.182    1.51x        0.193    1.60x        0.184    1.53x
   3          0.174    1.00x        0.253    1.45x        0.259    1.49x        0.256    1.47x
   5          0.143    1.00x        0.227    1.58x        0.232    1.62x        0.233    1.62x
  10          0.110    1.00x        0.229    2.08x        0.235    2.13x        0.235    2.14x
  20          0.135    1.00x        0.321    2.37x        0.309    2.28x        0.326    2.41x
  50          0.244    1.00x        0.478    1.96x        0.463    1.89x        0.484    1.98x

=== Q3: HUB REMOVAL — drop the highest-df nodes from candidates AND truth ===
 keep below df pct   K              random                 n_T              degree               combo
               all   5      0.143    1.00x      0.227    1.58x      0.232    1.62x      0.233    1.62x
               all  10      0.110    1.00x      0.229    2.08x      0.235    2.13x      0.235    2.14x
               99%   5      0.143    1.00x      0.236    1.64x      0.233    1.63x      0.239    1.67x
               99%  10      0.109    1.00x      0.243    2.23x      0.238    2.19x      0.249    2.29x
               95%   5      0.133    1.00x      0.233    1.76x      0.229    1.73x      0.237    1.79x
               95%  10      0.111    1.00x      0.257    2.31x      0.262    2.35x      0.265    2.38x
               90%   5      0.125    1.00x      0.223    1.79x      0.231    1.85x      0.228    1.83x
               90%  10      0.113    1.00x      0.251    2.23x      0.258    2.29x      0.262    2.33x
               80%   5      0.115    1.00x      0.220    1.91x      0.228    1.98x      0.226    1.96x
               80%  10      0.107    1.00x      0.261    2.45x      0.264    2.47x      0.263    2.46x
