
=== k=3 h=1 ===
  K= 5 s_degree     recall@K 0.200  hit-rate 0.398  mean true rank 58.6  (12,195 births, 139 regions)
  K= 5 s_model      recall@K 0.203  hit-rate 0.389  mean true rank 54.6  (12,195 births, 139 regions)
  K= 5 s_random     recall@K 0.177  hit-rate 0.373  mean true rank 57.1  (12,195 births, 139 regions)
  K= 5 s_velocity   recall@K 0.200  hit-rate 0.360  mean true rank 48.2  (12,195 births, 139 regions)
  K=10 s_degree     recall@K 0.262  hit-rate 0.482  mean true rank 64.3  (11,047 births, 69 regions)
  K=10 s_model      recall@K 0.269  hit-rate 0.481  mean true rank 59.8  (11,047 births, 69 regions)
  K=10 s_random     recall@K 0.243  hit-rate 0.484  mean true rank 62.6  (11,047 births, 69 regions)
  K=10 s_velocity   recall@K 0.282  hit-rate 0.463  mean true rank 52.8  (11,047 births, 69 regions)
  K=20 s_degree     recall@K 0.369  hit-rate 0.583  mean true rank 72.0  (9,728 births, 37 regions)
  K=20 s_model      recall@K 0.364  hit-rate 0.594  mean true rank 67.0  (9,728 births, 37 regions)
  K=20 s_random     recall@K 0.351  hit-rate 0.631  mean true rank 70.0  (9,728 births, 37 regions)
  K=20 s_velocity   recall@K 0.412  hit-rate 0.603  mean true rank 59.0  (9,728 births, 37 regions)

=== k=3 h=2 ===
  K= 5 s_degree     recall@K 0.167  hit-rate 0.330  mean true rank 78.7  (18,021 births, 105 regions)
  K= 5 s_model      recall@K 0.147  hit-rate 0.280  mean true rank 86.5  (18,021 births, 105 regions)
  K= 5 s_random     recall@K 0.148  hit-rate 0.306  mean true rank 81.1  (18,021 births, 105 regions)
  K= 5 s_velocity   recall@K 0.186  hit-rate 0.335  mean true rank 63.0  (18,021 births, 105 regions)
  K=10 s_degree     recall@K 0.198  hit-rate 0.379  mean true rank 87.0  (16,206 births, 50 regions)
  K=10 s_model      recall@K 0.183  hit-rate 0.339  mean true rank 95.7  (16,206 births, 50 regions)
  K=10 s_random     recall@K 0.183  hit-rate 0.398  mean true rank 89.7  (16,206 births, 50 regions)
  K=10 s_velocity   recall@K 0.221  hit-rate 0.391  mean true rank 69.6  (16,206 births, 50 regions)
  K=20 s_degree     recall@K 0.261  hit-rate 0.470  mean true rank 95.4  (14,657 births, 27 regions)
  K=20 s_model      recall@K 0.233  hit-rate 0.428  mean true rank 105.1  (14,657 births, 27 regions)
  K=20 s_random     recall@K 0.253  hit-rate 0.510  mean true rank 98.3  (14,657 births, 27 regions)
  K=20 s_velocity   recall@K 0.295  hit-rate 0.501  mean true rank 76.2  (14,657 births, 27 regions)

=== k=4 h=1 ===
  K= 5 s_degree     recall@K 0.180  hit-rate 0.350  mean true rank 109.5  (17,309 births, 290 regions)
  K= 5 s_model      recall@K 0.218  hit-rate 0.390  mean true rank 79.8  (17,309 births, 290 regions)
  K= 5 s_random     recall@K 0.152  hit-rate 0.285  mean true rank 140.5  (17,309 births, 290 regions)
  K= 5 s_velocity   recall@K 0.169  hit-rate 0.289  mean true rank 114.4  (17,309 births, 290 regions)
  K=10 s_degree     recall@K 0.191  hit-rate 0.383  mean true rank 124.7  (15,125 births, 112 regions)
  K=10 s_model      recall@K 0.229  hit-rate 0.443  mean true rank 90.8  (15,125 births, 112 regions)
  K=10 s_random     recall@K 0.136  hit-rate 0.292  mean true rank 160.2  (15,125 births, 112 regions)
  K=10 s_velocity   recall@K 0.159  hit-rate 0.294  mean true rank 130.4  (15,125 births, 112 regions)
  K=20 s_degree     recall@K 0.237  hit-rate 0.466  mean true rank 136.2  (13,783 births, 57 regions)
  K=20 s_model      recall@K 0.292  hit-rate 0.552  mean true rank 99.1  (13,783 births, 57 regions)
  K=20 s_random     recall@K 0.163  hit-rate 0.363  mean true rank 175.1  (13,783 births, 57 regions)
  K=20 s_velocity   recall@K 0.195  hit-rate 0.357  mean true rank 142.4  (13,783 births, 57 regions)

=== k=4 h=2 ===
  K= 5 s_degree     recall@K 0.187  hit-rate 0.366  mean true rank 101.0  (24,421 births, 209 regions)
  K= 5 s_model      recall@K 0.216  hit-rate 0.373  mean true rank 82.1  (24,421 births, 209 regions)
  K= 5 s_random     recall@K 0.147  hit-rate 0.274  mean true rank 125.4  (24,421 births, 209 regions)
  K= 5 s_velocity   recall@K 0.174  hit-rate 0.303  mean true rank 108.8  (24,421 births, 209 regions)
  K=10 s_degree     recall@K 0.196  hit-rate 0.401  mean true rank 115.3  (21,269 births, 83 regions)
  K=10 s_model      recall@K 0.227  hit-rate 0.438  mean true rank 93.7  (21,269 births, 83 regions)
  K=10 s_random     recall@K 0.133  hit-rate 0.290  mean true rank 143.4  (21,269 births, 83 regions)
  K=10 s_velocity   recall@K 0.166  hit-rate 0.312  mean true rank 124.3  (21,269 births, 83 regions)
  K=20 s_degree     recall@K 0.260  hit-rate 0.495  mean true rank 124.8  (19,547 births, 43 regions)
  K=20 s_model      recall@K 0.290  hit-rate 0.544  mean true rank 101.5  (19,547 births, 43 regions)
  K=20 s_random     recall@K 0.174  hit-rate 0.411  mean true rank 155.3  (19,547 births, 43 regions)
  K=20 s_velocity   recall@K 0.208  hit-rate 0.380  mean true rank 134.6  (19,547 births, 43 regions)

=== k=5 h=1 ===
  K= 5 s_degree     recall@K 0.235  hit-rate 0.424  mean true rank 158.3  (22,691 births, 499 regions)
  K= 5 s_model      recall@K 0.297  hit-rate 0.484  mean true rank 121.2  (22,691 births, 499 regions)
  K= 5 s_random     recall@K 0.209  hit-rate 0.370  mean true rank 210.2  (22,691 births, 499 regions)
  K= 5 s_velocity   recall@K 0.210  hit-rate 0.336  mean true rank 180.9  (22,691 births, 499 regions)
  K=10 s_degree     recall@K 0.252  hit-rate 0.444  mean true rank 189.5  (18,866 births, 176 regions)
  K=10 s_model      recall@K 0.296  hit-rate 0.505  mean true rank 145.1  (18,866 births, 176 regions)
  K=10 s_random     recall@K 0.196  hit-rate 0.378  mean true rank 252.0  (18,866 births, 176 regions)
  K=10 s_velocity   recall@K 0.199  hit-rate 0.338  mean true rank 216.8  (18,866 births, 176 regions)
  K=20 s_degree     recall@K 0.293  hit-rate 0.525  mean true rank 217.6  (16,347 births, 80 regions)
  K=20 s_model      recall@K 0.326  hit-rate 0.568  mean true rank 166.6  (16,347 births, 80 regions)
  K=20 s_random     recall@K 0.197  hit-rate 0.416  mean true rank 289.8  (16,347 births, 80 regions)
  K=20 s_velocity   recall@K 0.227  hit-rate 0.405  mean true rank 249.2  (16,347 births, 80 regions)

=== k=5 h=2 ===
  K= 5 s_degree     recall@K 0.224  hit-rate 0.390  mean true rank 231.0  (32,498 births, 391 regions)
  K= 5 s_model      recall@K 0.261  hit-rate 0.398  mean true rank 186.1  (32,498 births, 391 regions)
  K= 5 s_random     recall@K 0.181  hit-rate 0.314  mean true rank 331.8  (32,498 births, 391 regions)
  K= 5 s_velocity   recall@K 0.198  hit-rate 0.315  mean true rank 258.6  (32,498 births, 391 regions)
  K=10 s_degree     recall@K 0.227  hit-rate 0.389  mean true rank 278.1  (26,912 births, 130 regions)
  K=10 s_model      recall@K 0.245  hit-rate 0.417  mean true rank 224.0  (26,912 births, 130 regions)
  K=10 s_random     recall@K 0.155  hit-rate 0.282  mean true rank 399.8  (26,912 births, 130 regions)
  K=10 s_velocity   recall@K 0.174  hit-rate 0.293  mean true rank 311.4  (26,912 births, 130 regions)
  K=20 s_degree     recall@K 0.227  hit-rate 0.416  mean true rank 322.2  (23,147 births, 56 regions)
  K=20 s_model      recall@K 0.237  hit-rate 0.448  mean true rank 259.5  (23,147 births, 56 regions)
  K=20 s_random     recall@K 0.136  hit-rate 0.289  mean true rank 463.5  (23,147 births, 56 regions)
  K=20 s_velocity   recall@K 0.156  hit-rate 0.311  mean true rank 360.9  (23,147 births, 56 regions)
