  T=2014 k=3:     55 regions  cover 42%  sizes 3/4/65  largest share 7.4%  [threshold raised 1x -> 7]
  T=2014 k=4:     59 regions  cover 29%  sizes 4/5/53  largest share 3.9%
  T=2014 k=5:     18 regions  cover 12%  sizes 5/6/30  largest share 2.2%
  T=2015 k=3:     51 regions  cover 41%  sizes 3/4/79  largest share 8.3%  [threshold raised 2x -> 9]
  T=2015 k=4:     70 regions  cover 31%  sizes 4/5/130  largest share 6.4%
  T=2015 k=5:     42 regions  cover 15%  sizes 5/7/33  largest share 1.6%
  T=2016 k=3:     69 regions  cover 46%  sizes 3/4/225  largest share 14.8%  [threshold raised 2x -> 9]
  T=2016 k=4:     87 regions  cover 34%  sizes 4/5/385  largest share 12.0%
  T=2016 k=5:     71 regions  cover 19%  sizes 5/6/97  largest share 3.0%
  T=2017 k=3:     80 regions  cover 44%  sizes 3/4/117  largest share 10.2%  [threshold raised 4x -> 16]
  T=2017 k=4:     94 regions  cover 33%  sizes 4/5/208  largest share 6.1%  [threshold raised 1x -> 7]
  T=2017 k=5:     98 regions  cover 25%  sizes 5/7/285  largest share 5.7%
  T=2018 k=3:     68 regions  cover 41%  sizes 3/4/85  largest share 6.9%  [threshold raised 5x -> 22]
  T=2018 k=4:     95 regions  cover 33%  sizes 4/5/254  largest share 6.5%  [threshold raised 2x -> 9]
  T=2018 k=5:    115 regions  cover 30%  sizes 5/6/1018  largest share 13.4%
  T=2019 k=3:    100 regions  cover 48%  sizes 3/4/144  largest share 7.8%  [threshold raised 5x -> 22]
  T=2019 k=4:    111 regions  cover 37%  sizes 4/5/917  largest share 16.1%  [threshold raised 2x -> 9]
  T=2019 k=5:    137 regions  cover 27%  sizes 5/6/521  largest share 6.9%  [threshold raised 1x -> 7]
  T=2020 k=3:     90 regions  cover 45%  sizes 3/4/95  largest share 5.4%  [threshold raised 6x -> 30]
  T=2020 k=4:    137 regions  cover 36%  sizes 4/5/586  largest share 10.8%  [threshold raised 3x -> 12]
  T=2020 k=5:    150 regions  cover 29%  sizes 5/6/994  largest share 9.7%  [threshold raised 1x -> 7]
  T=2021 k=3:    108 regions  cover 47%  sizes 3/3/355  largest share 16.5%  [threshold raised 6x -> 30]
  T=2021 k=4:    125 regions  cover 32%  sizes 4/5/232  largest share 4.9%  [threshold raised 4x -> 16]
  T=2021 k=5:    150 regions  cover 27%  sizes 5/6/731  largest share 7.9%  [threshold raised 2x -> 9]
  T=2022 k=3:    141 regions  cover 48%  sizes 3/4/452  largest share 17.8%  [threshold raised 6x -> 30]
  T=2022 k=4:    147 regions  cover 34%  sizes 4/5/406  largest share 7.5%  [threshold raised 4x -> 16]
  T=2022 k=5:    166 regions  cover 28%  sizes 5/7/2035  largest share 18.9%  [threshold raised 2x -> 9]
  T=2023 k=3:    110 regions  cover 43%  sizes 3/4/126  largest share 6.7%  [threshold raised 7x -> 42]
  T=2023 k=4:    174 regions  cover 35%  sizes 4/5/592  largest share 9.3%  [threshold raised 4x -> 16]
  T=2023 k=5:    172 regions  cover 25%  sizes 5/7/214  largest share 2.4%  [threshold raised 3x -> 12]
  T=2024 k=3:    146 regions  cover 45%  sizes 3/4/59  largest share 2.5%  [threshold raised 7x -> 42]
  T=2024 k=4:    166 regions  cover 30%  sizes 4/5/99  largest share 1.9%  [threshold raised 5x -> 22]
  T=2024 k=5:    196 regions  cover 26%  sizes 5/6/472  largest share 4.4%  [threshold raised 3x -> 12]
{
  "regions": [
    {
      "origin": 2014,
      "k": 3,
      "graph_nodes": 873,
      "graph_edges": 1605,
      "binarize_min_papers_used": 7,
      "edge_min_lift": 5.0,
      "threshold_raised": 1,
      "n_regions": 55,
      "nodes_covered": 371,
      "coverage": 0.425,
      "size_min": 3,
      "size_median": 4,
      "size_max": 65,
      "largest_region_share": 0.0745,
      "guard_satisfied": true
    },
    {
      "origin": 2014,
      "k": 4,
      "graph_nodes": 1347,
      "graph_edges": 3671,
      "binarize_min_papers_used": 5,
      "edge_min_lift": 5.0,
      "threshold_raised": 0,
      "n_regions": 59,
      "nodes_covered": 391,
      "coverage": 0.2903,
      "size_min": 4,
      "size_median": 5,
      "size_max": 53,
      "largest_region_share": 0.0393,
      "guard_satisfied": true
    },
    {
      "origin": 2014,
      "k": 5,
      "graph_nodes": 1347,
      "graph_edges": 3671,
      "binarize_min_papers_used": 5,
      "edge_min_lift": 5.0,
      "threshold_raised": 0,
      "n_regions": 18,
      "nodes_covered": 160,
      "coverage": 0.1188,
      "size_min": 5,
      "size_median": 6,
      "size_max": 30,
      "largest_region_share": 0.0223,
      "guard_satisfied": true
    },
    {
      "origin": 2015,
      "k": 3,
      "graph_nodes": 949,
      "graph_edges": 1679,
      "binarize_min_papers_used": 9,
      "edge_min_lift": 5.0,
      "threshold_raised": 2,
      "n_regions": 51,
      "nodes_covered": 385,
      "coverage": 0.4057,
      "size_min": 3,
      "size_median": 4,
      "size_max": 79,
      "largest_region_share": 0.0832,
      "guard_satisfied": true
    },
    {
      "origin": 2015,
      "k": 4,
      "graph_nodes": 2022,
      "graph_edges": 6406,
      "binarize_min_papers_used": 5,
      "edge_min_lift": 5.0,
      "threshold_raised": 0,
      "n_regions": 70,
      "nodes_covered": 622,
      "coverage": 0.3076,
      "size_min": 4,
      "size_median": 5,
      "size_max": 130,
      "largest_region_share": 0.0643,
      "guard_satisfied": true
    },
    {
      "origin": 2015,
      "k": 5,
      "graph_nodes": 2022,
      "graph_edges": 6406,
      "binarize_min_papers_used": 5,
      "edge_min_lift": 5.0,
      "threshold_raised": 0,
      "n_regions": 42,
      "nodes_covered": 303,
      "coverage": 0.1499,
      "size_min": 5,
      "size_median": 7,
      "size_max": 33,
      "largest_region_share": 0.0163,
      "guard_satisfied": true
    },
    {
      "origin": 2016,
      "k": 3,
      "graph_nodes": 1521,
      "graph_edges": 3285,
      "binarize_min_papers_used": 9,
      "edge_min_lift": 5.0,
      "threshold_raised": 2,
      "n_regions": 69,
      "nodes_covered": 701,
      "coverage": 0.4609,
      "size_min": 3,
      "size_median": 4,
      "size_max": 225,
      "largest_region_share": 0.1479,
      "guard_satisfied": true
    },
    {
      "origin": 2016,
      "k": 4,
      "graph_nodes": 3196,
      "graph_edges": 11851,
      "binarize_min_papers_used": 5,
      "edge_min_lift": 5.0,
      "threshold_raised": 0,
      "n_regions": 87,
      "nodes_covered": 1092,
      "coverage": 0.3417,
      "size_min": 4,
      "size_median": 5,
      "size_max": 385,
      "largest_region_share": 0.1205,
      "guard_satisfied": true
    },
    {
      "origin": 2016,
      "k": 5,
      "graph_nodes": 3196,
      "graph_edges": 11851,
      "binarize_min_papers_used": 5,
      "edge_min_lift": 5.0,
      "threshold_raised": 0,
      "n_regions": 71,
      "nodes_covered": 623,
      "coverage": 0.1949,
      "size_min": 5,
      "size_median": 6,
      "size_max": 97,
      "largest_region_share": 0.0304,
      "guard_satisfied": true
    },
    {
      "origin": 2017,
      "k": 3,
      "graph_nodes": 1141,
      "graph_edges": 2063,
      "binarize_min_papers_used": 16,
      "edge_min_lift": 5.0,
      "threshold_raised": 4,
      "n_regions": 80,
      "nodes_covered": 505,
      "coverage": 0.4426,
      "size_min": 3,
      "size_median": 4,
      "size_max": 117,
      "largest_region_share": 0.1025,
      "guard_satisfied": true
    },
    {
      "origin": 2017,
      "k": 4,
      "graph_nodes": 3432,
      "graph_edges": 11134,
      "binarize_min_papers_used": 7,
      "edge_min_lift": 5.0,
      "threshold_raised": 1,
      "n_regions": 94,
      "nodes_covered": 1124,
      "coverage": 0.3275,
      "size_min": 4,
      "size_median": 5,
      "size_max": 208,
      "largest_region_share": 0.0606,
      "guard_satisfied": true
    },
    {
      "origin": 2017,
      "k": 5,
      "graph_nodes": 4978,
      "graph_edges": 22374,
      "binarize_min_papers_used": 5,
      "edge_min_lift": 5.0,
      "threshold_raised": 0,
      "n_regions": 98,
      "nodes_covered": 1259,
      "coverage": 0.2529,
      "size_min": 5,
      "size_median": 7,
      "size_max": 285,
      "largest_region_share": 0.0573,
      "guard_satisfied": true
    },
    {
      "origin": 2018,
      "k": 3,
      "graph_nodes": 1233,
      "graph_edges": 2111,
      "binarize_min_papers_used": 22,
      "edge_min_lift": 5.0,
      "threshold_raised": 5,
      "n_regions": 68,
      "nodes_covered": 508,
      "coverage": 0.412,
      "size_min": 3,
      "size_median": 4,
      "size_max": 85,
      "largest_region_share": 0.0689,
      "guard_satisfied": true
    },
    {
      "origin": 2018,
      "k": 4,
      "graph_nodes": 3897,
      "graph_edges": 12343,
      "binarize_min_papers_used": 9,
      "edge_min_lift": 5.0,
      "threshold_raised": 2,
      "n_regions": 95,
      "nodes_covered": 1292,
      "coverage": 0.3315,
      "size_min": 4,
      "size_median": 5,
      "size_max": 254,
      "largest_region_share": 0.0652,
      "guard_satisfied": true
    },
    {
      "origin": 2018,
      "k": 5,
      "graph_nodes": 7611,
      "graph_edges": 39314,
      "binarize_min_papers_used": 5,
      "edge_min_lift": 5.0,
      "threshold_raised": 0,
      "n_regions": 115,
      "nodes_covered": 2275,
      "coverage": 0.2989,
      "size_min": 5,
      "size_median": 6,
      "size_max": 1018,
      "largest_region_share": 0.1338,
      "guard_satisfied": true
    },
    {
      "origin": 2019,
      "k": 3,
      "graph_nodes": 1853,
      "graph_edges": 3712,
      "binarize_min_papers_used": 22,
      "edge_min_lift": 5.0,
      "threshold_raised": 5,
      "n_regions": 100,
      "nodes_covered": 881,
      "coverage": 0.4754,
      "size_min": 3,
      "size_median": 4,
      "size_max": 144,
      "largest_region_share": 0.0777,
      "guard_satisfied": true
    },
    {
      "origin": 2019,
      "k": 4,
      "graph_nodes": 5681,
      "graph_edges": 20434,
      "binarize_min_papers_used": 9,
      "edge_min_lift": 5.0,
      "threshold_raised": 2,
      "n_regions": 111,
      "nodes_covered": 2111,
      "coverage": 0.3716,
      "size_min": 4,
      "size_median": 5,
      "size_max": 917,
      "largest_region_share": 0.1614,
      "guard_satisfied": true
    },
    {
      "origin": 2019,
      "k": 5,
      "graph_nodes": 7559,
      "graph_edges": 32980,
      "binarize_min_papers_used": 7,
      "edge_min_lift": 5.0,
      "threshold_raised": 1,
      "n_regions": 137,
      "nodes_covered": 2060,
      "coverage": 0.2725,
      "size_min": 5,
      "size_median": 6,
      "size_max": 521,
      "largest_region_share": 0.0689,
      "guard_satisfied": true
    },
    {
      "origin": 2020,
      "k": 3,
      "graph_nodes": 1759,
      "graph_edges": 3273,
      "binarize_min_papers_used": 30,
      "edge_min_lift": 5.0,
      "threshold_raised": 6,
      "n_regions": 90,
      "nodes_covered": 784,
      "coverage": 0.4457,
      "size_min": 3,
      "size_median": 4,
      "size_max": 95,
      "largest_region_share": 0.054,
      "guard_satisfied": true
    },
    {
      "origin": 2020,
      "k": 4,
      "graph_nodes": 5423,
      "graph_edges": 17869,
      "binarize_min_papers_used": 12,
      "edge_min_lift": 5.0,
      "threshold_raised": 3,
      "n_regions": 137,
      "nodes_covered": 1971,
      "coverage": 0.3635,
      "size_min": 4,
      "size_median": 5,
      "size_max": 586,
      "largest_region_share": 0.1081,
      "guard_satisfied": true
    },
    {
      "origin": 2020,
      "k": 5,
      "graph_nodes": 10241,
      "graph_edges": 48636,
      "binarize_min_papers_used": 7,
      "edge_min_lift": 5.0,
      "threshold_raised": 1,
      "n_regions": 150,
      "nodes_covered": 3009,
      "coverage": 0.2938,
      "size_min": 5,
      "size_median": 6,
      "size_max": 994,
      "largest_region_share": 0.0971,
      "guard_satisfied": true
    },
    {
      "origin": 2021,
      "k": 3,
      "graph_nodes": 2156,
      "graph_edges": 4323,
      "binarize_min_papers_used": 30,
      "edge_min_lift": 5.0,
      "threshold_raised": 6,
      "n_regions": 108,
      "nodes_covered": 1019,
      "coverage": 0.4726,
      "size_min": 3,
      "size_median": 3,
      "size_max": 355,
      "largest_region_share": 0.1647,
      "guard_satisfied": true
    },
    {
      "origin": 2021,
      "k": 4,
      "graph_nodes": 4744,
      "graph_edges": 13663,
      "binarize_min_papers_used": 16,
      "edge_min_lift": 5.0,
      "threshold_raised": 4,
      "n_regions": 125,
      "nodes_covered": 1529,
      "coverage": 0.3223,
      "size_min": 4,
      "size_median": 5,
      "size_max": 232,
      "largest_region_share": 0.0489,
      "guard_satisfied": true
    },
    {
      "origin": 2021,
      "k": 5,
      "graph_nodes": 9305,
      "graph_edges": 38914,
      "binarize_min_papers_used": 9,
      "edge_min_lift": 5.0,
      "threshold_raised": 2,
      "n_regions": 150,
      "nodes_covered": 2550,
      "coverage": 0.274,
      "size_min": 5,
      "size_median": 6,
      "size_max": 731,
      "largest_region_share": 0.0786,
      "guard_satisfied": true
    },
    {
      "origin": 2022,
      "k": 3,
      "graph_nodes": 2544,
      "graph_edges": 5149,
      "binarize_min_papers_used": 30,
      "edge_min_lift": 5.0,
      "threshold_raised": 6,
      "n_regions": 141,
      "nodes_covered": 1213,
      "coverage": 0.4768,
      "size_min": 3,
      "size_median": 4,
      "size_max": 452,
      "largest_region_share": 0.1777,
      "guard_satisfied": true
    },
    {
      "origin": 2022,
      "k": 4,
      "graph_nodes": 5415,
      "graph_edges": 16115,
      "binarize_min_papers_used": 16,
      "edge_min_lift": 5.0,
      "threshold_raised": 4,
      "n_regions": 147,
      "nodes_covered": 1844,
      "coverage": 0.3405,
      "size_min": 4,
      "size_median": 5,
      "size_max": 406,
      "largest_region_share": 0.075,
      "guard_satisfied": true
    },
    {
      "origin": 2022,
      "k": 5,
      "graph_nodes": 10790,
      "graph_edges": 45868,
      "binarize_min_papers_used": 9,
      "edge_min_lift": 5.0,
      "threshold_raised": 2,
      "n_regions": 166,
      "nodes_covered": 2990,
      "coverage": 0.2771,
      "size_min": 5,
      "size_median": 7,
      "size_max": 2035,
      "largest_region_share": 0.1886,
      "guard_satisfied": true
    },
    {
      "origin": 2023,
      "k": 3,
      "graph_nodes": 1893,
      "graph_edges": 3245,
      "binarize_min_papers_used": 42,
      "edge_min_lift": 5.0,
      "threshold_raised": 7,
      "n_regions": 110,
      "nodes_covered": 823,
      "coverage": 0.4348,
      "size_min": 3,
      "size_median": 4,
      "size_max": 126,
      "largest_region_share": 0.0666,
      "guard_satisfied": true
    },
    {
      "origin": 2023,
      "k": 4,
      "graph_nodes": 6360,
      "graph_edges": 19226,
      "binarize_min_papers_used": 16,
      "edge_min_lift": 5.0,
      "threshold_raised": 4,
      "n_regions": 174,
      "nodes_covered": 2225,
      "coverage": 0.3498,
      "size_min": 4,
      "size_median": 5,
      "size_max": 592,
      "largest_region_share": 0.0931,
      "guard_satisfied": true
    },
    {
      "origin": 2023,
      "k": 5,
      "graph_nodes": 8859,
      "graph_edges": 32043,
      "binarize_min_papers_used": 12,
      "edge_min_lift": 5.0,
      "threshold_raised": 3,
      "n_regions": 172,
      "nodes_covered": 2223,
      "coverage": 0.2509,
      "size_min": 5,
      "size_median": 7,
      "size_max": 214,
      "largest_region_share": 0.0242,
      "guard_satisfied": true
    },
    {
      "origin": 2024,
      "k": 3,
      "graph_nodes": 2352,
      "graph_edges": 4222,
      "binarize_min_papers_used": 42,
      "edge_min_lift": 5.0,
      "threshold_raised": 7,
      "n_regions": 146,
      "nodes_covered": 1068,
      "coverage": 0.4541,
      "size_min": 3,
      "size_median": 4,
      "size_max": 59,
      "largest_region_share": 0.0251,
      "guard_satisfied": true
    },
    {
      "origin": 2024,
      "k": 4,
      "graph_nodes": 5321,
      "graph_edges": 13797,
      "binarize_min_papers_used": 22,
      "edge_min_lift": 5.0,
      "threshold_raised": 5,
      "n_regions": 166,
      "nodes_covered": 1619,
      "coverage": 0.3043,
      "size_min": 4,
      "size_median": 5,
      "size_max": 99,
      "largest_region_share": 0.0186,
      "guard_satisfied": true
    },
    {
      "origin": 2024,
      "k": 5,
      "graph_nodes": 10722,
      "graph_edges": 40532,
      "binarize_min_papers_used": 12,
      "edge_min_lift": 5.0,
      "threshold_raised": 3,
      "n_regions": 196,
      "nodes_covered": 2742,
      "coverage": 0.2557,
      "size_min": 5,
      "size_median": 6,
      "size_max": 472,
      "largest_region_share": 0.044,
      "guard_satisfied": true
    }
  ],
  "lineage": [
    {
      "matched": 549,
      "born": 414,
      "died": 329,
      "splits": 6,
      "merges": 0,
      "k": 3,
      "lineage_jaccard": 0.3,
      "stability": 0.5701
    },
    {
      "matched": 565,
      "born": 641,
      "died": 564,
      "splits": 30,
      "merges": 0,
      "k": 4,
      "lineage_jaccard": 0.3,
      "stability": 0.4685
    },
    {
      "matched": 551,
      "born": 746,
      "died": 619,
      "splits": 46,
      "merges": 0,
      "k": 5,
      "lineage_jaccard": 0.3,
      "stability": 0.4248
    }
  ]
}
