pass A: extract over 269,814 papers
  A   8,000/269,814  acc 1,235,765  noms    47,870
  A  16,000/269,814  acc         0  noms    90,478
  A  24,000/269,814  acc 1,124,798  noms   133,533
  A  32,000/269,814  acc         0  noms   175,276
  A  40,000/269,814  acc 1,119,156  noms   217,122
  A  48,000/269,814  acc         0  noms   259,192
  A  56,000/269,814  acc 1,169,467  noms   302,418
  A  64,000/269,814  acc         0  noms   345,493
  A  72,000/269,814  acc 1,076,895  noms   388,572
  A  80,000/269,814  acc         0  noms   432,330
  A  88,000/269,814  acc 1,099,181  noms   476,535
  A  96,000/269,814  acc         0  noms   520,933
  A 104,000/269,814  acc 1,196,770  noms   566,403
  A 112,000/269,814  acc         0  noms   611,246
  A 120,000/269,814  acc 1,124,463  noms   656,493
  A 128,000/269,814  acc         0  noms   701,855
  A 136,000/269,814  acc 1,136,448  noms   748,882
  A 144,000/269,814  acc         0  noms   794,269
  A 152,000/269,814  acc 1,156,599  noms   842,305
  A 160,000/269,814  acc         0  noms   888,500
  A 168,000/269,814  acc 1,248,540  noms   935,400
  A 176,000/269,814  acc         0  noms   984,072
  A 184,000/269,814  acc 1,151,630  noms 1,032,908
  A 192,000/269,814  acc         0  noms 1,082,161
  A 200,000/269,814  acc 1,145,023  noms 1,131,890
  A 208,000/269,814  acc         0  noms 1,182,860
  A 216,000/269,814  acc 1,277,825  noms 1,234,684
  A 224,000/269,814  acc         0  noms 1,288,653
  A 232,000/269,814  acc 1,176,996  noms 1,344,075
  A 240,000/269,814  acc         0  noms 1,398,934
  A 248,000/269,814  acc 1,204,442  noms 1,456,831
  A 256,000/269,814  acc         0  noms 1,512,316
  A 264,000/269,814  acc 1,240,755  noms 1,569,815
  A 269,814/269,814  acc         0  noms 1,605,532
pass A done: 313,985 unigram + 1,291,547 long candidates
{
  "stage_a": {
    "unigram_nominations": 313985,
    "long_nominations": 1291547,
    "papers": 269814
  }
}
re-scan sets: 313,985 unigram, 1,291,547 long
pass B: dictionary re-scan (lengths 1 and 4+)
  B   8,000/269,814  acc    92,051
  B  16,000/269,814  acc   162,019
  B  24,000/269,814  acc   225,543
  B  32,000/269,814  acc   277,766
  B  40,000/269,814  acc   342,213
  B  48,000/269,814  acc   392,958
  B  56,000/269,814  acc   459,737
  B  64,000/269,814  acc   513,303
  B  72,000/269,814  acc   562,840
  B  80,000/269,814  acc   633,524
  B  88,000/269,814  acc   688,213
  B  96,000/269,814  acc   739,675
  B 104,000/269,814  acc   812,896
  B 112,000/269,814  acc   869,885
  B 120,000/269,814  acc   923,324
  B 128,000/269,814  acc   990,751
  B 136,000/269,814  acc 1,054,777
  B 144,000/269,814  acc 1,110,272
  B 152,000/269,814  acc 1,166,025
  B 160,000/269,814  acc 1,218,016
  B 168,000/269,814  acc 1,291,750
  B 176,000/269,814  acc 1,354,491
  B 184,000/269,814  acc 1,413,128
  B 192,000/269,814  acc 1,470,204
  B 200,000/269,814  acc         0
  B 208,000/269,814  acc    82,454
  B 216,000/269,814  acc   164,820
  B 224,000/269,814  acc   235,128
  B 232,000/269,814  acc   302,226
  B 240,000/269,814  acc   365,525
  B 248,000/269,814  acc   430,892
  B 256,000/269,814  acc   492,308
  B 264,000/269,814  acc   554,804
  B 269,814/269,814  acc   620,865
{
  "stage_b": {
    "papers": 269814
  }
}
