  T=2014  nodes   2,532 edges    337,933 | binarized   1,571 /    22,546 | coverage 100.0% capped 844
  T=2015  nodes   3,699 edges    595,867 | binarized   2,282 /    40,106 | coverage 100.0% capped 1,920
  T=2016  nodes   5,576 edges  1,069,895 | binarized   3,536 /    71,154 | coverage 100.0% capped 4,024
  T=2017  nodes   8,464 edges  1,868,143 | binarized   5,345 /   119,310 | coverage 100.0% capped 7,986
  T=2018  nodes  12,816 edges  3,141,954 | binarized   7,975 /   186,385 | coverage 100.0% capped 14,394
  T=2019  nodes  18,461 edges  4,833,862 | binarized  11,104 /   270,350 | coverage 100.0% capped 23,165
  T=2020  nodes  25,726 edges  7,066,537 | binarized  14,911 /   368,057 | coverage 100.0% capped 34,754
  T=2021  nodes  33,753 edges  9,321,585 | binarized  18,243 /   448,076 | coverage 100.0% capped 46,172
  T=2022  nodes  42,683 edges 11,564,717 | binarized  21,292 /   511,373 | coverage 100.0% capped 56,983
  T=2023  nodes  54,235 edges 14,460,275 | binarized  24,960 /   594,199 | coverage 100.0% capped 71,121
  T=2024  nodes  69,007 edges 18,876,691 | binarized  30,191 /   741,929 | coverage 100.0% capped 93,851
[
  {
    "origin": 2014,
    "window": [
      2012,
      2014
    ],
    "papers_in_window": 3814,
    "papers_with_any_concept": 3814,
    "papers_with_2plus_concepts": 3812,
    "coverage_2plus": 0.9995,
    "papers_capped": 844,
    "containment_pairs_suppressed": 18218,
    "papers_all_pairs_nested": 0,
    "binarize_rule": "n_papers",
    "binarize_threshold": 5,
    "vocab_T_nodes": 2645,
    "nodes_in_graph": 2532,
    "edges_weighted": 337933,
    "total_edge_mass": 3812.0,
    "invariant_holds": true,
    "nodes_binarized": 1571,
    "edges_binarized": 22546
  },
  {
    "origin": 2015,
    "window": [
      2013,
      2015
    ],
    "papers_in_window": 6030,
    "papers_with_any_concept": 6030,
    "papers_with_2plus_concepts": 6028,
    "coverage_2plus": 0.9997,
    "papers_capped": 1920,
    "containment_pairs_suppressed": 35042,
    "papers_all_pairs_nested": 0,
    "binarize_rule": "n_papers",
    "binarize_threshold": 5,
    "vocab_T_nodes": 3830,
    "nodes_in_graph": 3699,
    "edges_weighted": 595867,
    "total_edge_mass": 6028.0,
    "invariant_holds": true,
    "nodes_binarized": 2282,
    "edges_binarized": 40106
  },
  {
    "origin": 2016,
    "window": [
      2014,
      2016
    ],
    "papers_in_window": 10051,
    "papers_with_any_concept": 10051,
    "papers_with_2plus_concepts": 10050,
    "coverage_2plus": 0.9999,
    "papers_capped": 4024,
    "containment_pairs_suppressed": 67833,
    "papers_all_pairs_nested": 0,
    "binarize_rule": "n_papers",
    "binarize_threshold": 5,
    "vocab_T_nodes": 5743,
    "nodes_in_graph": 5576,
    "edges_weighted": 1069895,
    "total_edge_mass": 10050.0,
    "invariant_holds": true,
    "nodes_binarized": 3536,
    "edges_binarized": 71154
  },
  {
    "origin": 2017,
    "window": [
      2015,
      2017
    ],
    "papers_in_window": 16179,
    "papers_with_any_concept": 16179,
    "papers_with_2plus_concepts": 16178,
    "coverage_2plus": 0.9999,
    "papers_capped": 7986,
    "containment_pairs_suppressed": 121341,
    "papers_all_pairs_nested": 1,
    "binarize_rule": "n_papers",
    "binarize_threshold": 5,
    "vocab_T_nodes": 8682,
    "nodes_in_graph": 8464,
    "edges_weighted": 1868143,
    "total_edge_mass": 16178.0,
    "invariant_holds": true,
    "nodes_binarized": 5345,
    "edges_binarized": 119310
  },
  {
    "origin": 2018,
    "window": [
      2016,
      2018
    ],
    "papers_in_window": 25290,
    "papers_with_any_concept": 25290,
    "papers_with_2plus_concepts": 25289,
    "coverage_2plus": 1.0,
    "papers_capped": 14394,
    "containment_pairs_suppressed": 204325,
    "papers_all_pairs_nested": 1,
    "binarize_rule": "n_papers",
    "binarize_threshold": 5,
    "vocab_T_nodes": 13112,
    "nodes_in_graph": 12816,
    "edges_weighted": 3141954,
    "total_edge_mass": 25289.0,
    "invariant_holds": true,
    "nodes_binarized": 7975,
    "edges_binarized": 186385
  },
  {
    "origin": 2019,
    "window": [
      2017,
      2019
    ],
    "papers_in_window": 36754,
    "papers_with_any_concept": 36754,
    "papers_with_2plus_concepts": 36753,
    "coverage_2plus": 1.0,
    "papers_capped": 23165,
    "containment_pairs_suppressed": 312235,
    "papers_all_pairs_nested": 1,
    "binarize_rule": "n_papers",
    "binarize_threshold": 5,
    "vocab_T_nodes": 18805,
    "nodes_in_graph": 18461,
    "edges_weighted": 4833862,
    "total_edge_mass": 36753.000001,
    "invariant_holds": true,
    "nodes_binarized": 11104,
    "edges_binarized": 270350
  },
  {
    "origin": 2020,
    "window": [
      2018,
      2020
    ],
    "papers_in_window": 50832,
    "papers_with_any_concept": 50832,
    "papers_with_2plus_concepts": 50831,
    "coverage_2plus": 1.0,
    "papers_capped": 34754,
    "containment_pairs_suppressed": 443075,
    "papers_all_pairs_nested": 0,
    "binarize_rule": "n_papers",
    "binarize_threshold": 5,
    "vocab_T_nodes": 26087,
    "nodes_in_graph": 25726,
    "edges_weighted": 7066537,
    "total_edge_mass": 50831.000004,
    "invariant_holds": true,
    "nodes_binarized": 14911,
    "edges_binarized": 368057
  },
  {
    "origin": 2021,
    "window": [
      2019,
      2021
    ],
    "papers_in_window": 63508,
    "papers_with_any_concept": 63508,
    "papers_with_2plus_concepts": 63507,
    "coverage_2plus": 1.0,
    "papers_capped": 46172,
    "containment_pairs_suppressed": 556432,
    "papers_all_pairs_nested": 0,
    "binarize_rule": "n_papers",
    "binarize_threshold": 5,
    "vocab_T_nodes": 34174,
    "nodes_in_graph": 33753,
    "edges_weighted": 9321585,
    "total_edge_mass": 63507.000006,
    "invariant_holds": true,
    "nodes_binarized": 18243,
    "edges_binarized": 448076
  },
  {
    "origin": 2022,
    "window": [
      2020,
      2022
    ],
    "papers_in_window": 74810,
    "papers_with_any_concept": 74810,
    "papers_with_2plus_concepts": 74809,
    "coverage_2plus": 1.0,
    "papers_capped": 56983,
    "containment_pairs_suppressed": 654658,
    "papers_all_pairs_nested": 0,
    "binarize_rule": "n_papers",
    "binarize_threshold": 5,
    "vocab_T_nodes": 43140,
    "nodes_in_graph": 42683,
    "edges_weighted": 11564717,
    "total_edge_mass": 74809.000009,
    "invariant_holds": true,
    "nodes_binarized": 21292,
    "edges_binarized": 511373
  },
  {
    "origin": 2023,
    "window": [
      2021,
      2023
    ],
    "papers_in_window": 89737,
    "papers_with_any_concept": 89737,
    "papers_with_2plus_concepts": 89737,
    "coverage_2plus": 1.0,
    "papers_capped": 71121,
    "containment_pairs_suppressed": 769349,
    "papers_all_pairs_nested": 0,
    "binarize_rule": "n_papers",
    "binarize_threshold": 5,
    "vocab_T_nodes": 54857,
    "nodes_in_graph": 54235,
    "edges_weighted": 14460275,
    "total_edge_mass": 89737.000013,
    "invariant_holds": true,
    "nodes_binarized": 24960,
    "edges_binarized": 594199
  },
  {
    "origin": 2024,
    "window": [
      2022,
      2024
    ],
    "papers_in_window": 114466,
    "papers_with_any_concept": 114466,
    "papers_with_2plus_concepts": 114465,
    "coverage_2plus": 1.0,
    "papers_capped": 93851,
    "containment_pairs_suppressed": 955052,
    "papers_all_pairs_nested": 0,
    "binarize_rule": "n_papers",
    "binarize_threshold": 5,
    "vocab_T_nodes": 69862,
    "nodes_in_graph": 69007,
    "edges_weighted": 18876691,
    "total_edge_mass": 114465.000019,
    "invariant_holds": true,
    "nodes_binarized": 30191,
    "edges_binarized": 741929
  }
]
