  T=2016 k=4 h=1: 2,048 births  attached 1,093  orphan 47%  dual  315 (29%)
  T=2017 k=4 h=1: 2,709 births  attached 1,416  orphan 48%  dual  476 (34%)
  T=2018 k=4 h=1: 3,107 births  attached 1,639  orphan 47%  dual  459 (28%)
  T=2019 k=4 h=1: 3,435 births  attached 2,312  orphan 33%  dual  630 (27%)
  T=2020 k=4 h=1: 2,836 births  attached 1,696  orphan 40%  dual  516 (30%)
  T=2021 k=4 h=1: 3,400 births  attached 1,906  orphan 44%  dual  576 (30%)
  T=2022 k=4 h=1: 5,902 births  attached 4,106  orphan 30%  dual 2,102 (51%)
  T=2023 k=4 h=1: 8,016 births  attached 5,983  orphan 25%  dual 3,472 (58%)
  T=2016 k=4 h=2: 4,757 births  attached 2,496  orphan 48%  dual  708 (28%)
  T=2017 k=4 h=2: 5,816 births  attached 2,897  orphan 50%  dual  972 (34%)
  T=2018 k=4 h=2: 6,542 births  attached 3,307  orphan 49%  dual  930 (28%)
  T=2019 k=4 h=2: 6,271 births  attached 4,048  orphan 35%  dual 1,119 (28%)
  T=2020 k=4 h=2: 6,236 births  attached 3,676  orphan 41%  dual 1,160 (32%)
  T=2021 k=4 h=2: 9,302 births  attached 4,897  orphan 47%  dual 1,374 (28%)
  T=2022 k=4 h=2: 13,918 births  attached 9,327  orphan 33%  dual 4,736 (51%)
{
  "verdict": "PASS",
  "mean_dual_per_tune_origin": 416.67,
  "floor": 10,
  "tune_origins": [
    2014,
    2018
  ],
  "per_origin_dual": [
    315,
    476,
    459
  ]
}
