scanning for 787,206 terms, max 5 tokens
    8,000/269,814  postings    1,961,170
   16,000/269,814  postings    4,069,310
   24,000/269,814  postings    6,253,936
   32,000/269,814  postings    8,408,599
   40,000/269,814  postings   10,642,250
   48,000/269,814  postings   12,851,107
   56,000/269,814  postings   15,123,185
   64,000/269,814  postings   17,398,069
   72,000/269,814  postings   19,666,987
   80,000/269,814  postings   21,958,804
   88,000/269,814  postings   24,268,777
   96,000/269,814  postings   26,569,529
  104,000/269,814  postings   28,907,747
  112,000/269,814  postings   31,226,556
  120,000/269,814  postings   33,559,767
  128,000/269,814  postings   35,898,973
  136,000/269,814  postings   38,270,893
  144,000/269,814  postings   40,616,453
  152,000/269,814  postings   43,024,837
  160,000/269,814  postings   45,387,228
  168,000/269,814  postings   47,745,274
  176,000/269,814  postings   50,121,235
  184,000/269,814  postings   52,490,039
  192,000/269,814  postings   54,856,648
  200,000/269,814  postings   57,237,673
  208,000/269,814  postings   59,621,266
  216,000/269,814  postings   61,990,470
  224,000/269,814  postings   64,328,760
  232,000/269,814  postings   66,688,741
  240,000/269,814  postings   69,002,804
  248,000/269,814  postings   71,357,905
  256,000/269,814  postings   73,667,567
  264,000/269,814  postings   75,988,556
  269,814/269,814  postings   77,487,127
{
  "terms": 787206,
  "papers": 269814,
  "postings": 77487127,
  "min_total_freq": 9
}
